# dmesg evidence — Razer Kiyo Pro cascading xHCI death, 2026-05-30 (v8.1/CTRL_THROTTLE active)
# Kernel: 6.17.0-20-generic  |  controller 0000:00:14.0 (Intel Cannon Lake)
# Captured: Sat May 30 11:48:04 AM PDT 2026
# Loaded uvcvideo at crash time: srcversion EEC033608BC692186A12A1E (a CTRL_THROTTLE build; stock=7CD08F45C7F58DA18CC11AA)
# NOTE: no usbmon capture for this incident — the watchdog was deadlocked and capture was not running.

[Wed May 27 05:38:47 2026] xhci_hcd 0000:00:14.0: xHCI Host Controller
[Wed May 27 05:38:47 2026] xhci_hcd 0000:00:14.0: new USB bus registered, assigned bus number 1
[Wed May 27 05:38:47 2026] xhci_hcd 0000:00:14.0: hcc params 0x200077c1 hci version 0x110 quirks 0x0000000000009810
[Wed May 27 05:38:47 2026] xhci_hcd 0000:00:14.0: xHCI Host Controller
[Wed May 27 05:38:47 2026] xhci_hcd 0000:00:14.0: new USB bus registered, assigned bus number 2
[Wed May 27 05:38:47 2026] xhci_hcd 0000:00:14.0: Host supports USB 3.1 Enhanced SuperSpeed
[Wed May 27 05:38:47 2026] usb 2-1: Product: Razer Kiyo Pro
[Wed May 27 05:38:47 2026] usb 2-1: Manufacturer: Razer Inc
[Wed May 27 05:38:57 2026] uvcvideo: module verification failed: signature and/or required key missing - tainting kernel
[Wed May 27 05:38:57 2026] usb 2-1: Found UVC 1.00 device Razer Kiyo Pro (1532:0e05)
[Wed May 27 05:38:58 2026] uvcvideo 2-1:1.1: Failed to set UVC probe control : -32 (exp. 26).
[Wed May 27 05:38:58 2026] usbcore: registered new interface driver uvcvideo
[Wed May 27 08:48:51 2026]  snd_hda_codec_generic iwlmvm intel_tcc_cooling snd_soc_avs xt_limit x86_pkg_temp_thermal snd_soc_hda_codec xt_addrtype intel_powerclamp snd_hda_intel snd_hda_ext_core mac80211 xt_tcpudp coretemp snd_hda_codec xt_conntrack libarc4 snd_usb_audio snd_hda_core snd_usbmidi_lib kvm_intel snd_intel_dspcfg snd_intel_sdw_acpi nf_conntrack nf_defrag_ipv6 snd_hwdep snd_ump polyval_clmulni kvm snd_seq_midi snd_seq_midi_event ghash_clmulni_intel nf_defrag_ipv4 snd_soc_core aesni_intel nft_compat snd_rawmidi rapl iwlwifi snd_compress snd_seq btusb nf_tables wmi_bmof intel_cstate irqbypass ac97_bus i2c_i801 cfg80211 snd_pcm_dmaengine uvcvideo(OE) btrtl spi_intel_pci videobuf2_vmalloc i2c_smbus uvc snd_seq_device mxm_wmi snd_pcm spi_intel i2c_mux videobuf2_memops videobuf2_v4l2 btintel snd_timer videobuf2_common btbcm btmtk videodev mei_me nls_iso8859_1 mei mc snd bluetooth i2c_nvidia_gpu soundcore i2c_ccgx_ucsi cdc_acm intel_pch_thermal intel_pmc_core pmt_telemetry pmt_discovery pmt_class intel_pmc_ssram_telemetry
[Fri May 29 08:03:04 2026] xhci_hcd 0000:00:14.0: WARN Set TR Deq Ptr cmd failed due to incorrect slot or ep state.
[Sat May 30 10:42:53 2026] xhci_hcd 0000:00:14.0: xHCI host not responding to stop endpoint command
[Sat May 30 10:42:53 2026] xhci_hcd 0000:00:14.0: xHCI host controller not responding, assume dead
[Sat May 30 10:42:53 2026] xhci_hcd 0000:00:14.0: HC died; cleaning up
[Sat May 30 10:42:53 2026] uvcvideo 2-1:1.1: Failed to set UVC commit control : -110 (exp. 26).
[Sat May 30 10:42:53 2026] usb 1-7.3: Not enough bandwidth for altsetting 1
[Sat May 30 10:42:53 2026] usb 1-7.3: 2:1: usb_set_interface failed (-19)
[Sat May 30 10:42:53 2026] xhci_hcd 0000:00:14.0: remove, state 1
[Sat May 30 10:42:53 2026] xhci_hcd 0000:00:14.0: USB bus 2 deregistered
[Sat May 30 10:42:53 2026] xhci_hcd 0000:00:14.0: remove, state 1
[Sat May 30 10:42:53 2026] xhci_hcd 0000:00:14.0: USB bus 1 deregistered
[Sat May 30 10:42:59 2026] xhci_hcd 0000:00:14.0: xHCI Host Controller
[Sat May 30 10:42:59 2026] xhci_hcd 0000:00:14.0: new USB bus registered, assigned bus number 1
[Sat May 30 10:42:59 2026] xhci_hcd 0000:00:14.0: hcc params 0x200077c1 hci version 0x110 quirks 0x0000000000009810
[Sat May 30 10:42:59 2026] xhci_hcd 0000:00:14.0: xHCI Host Controller
[Sat May 30 10:42:59 2026] xhci_hcd 0000:00:14.0: new USB bus registered, assigned bus number 2
[Sat May 30 10:42:59 2026] xhci_hcd 0000:00:14.0: Host supports USB 3.1 Enhanced SuperSpeed
[Sat May 30 10:43:14 2026] usb 2-1: Product: Razer Kiyo Pro
[Sat May 30 10:43:14 2026] usb 2-1: Manufacturer: Razer Inc
[Sat May 30 10:43:14 2026] usb 2-1: Found UVC 1.00 device Razer Kiyo Pro (1532:0e05)
[Sat May 30 10:43:37 2026] usb 2-1: timeout: still 12 active urbs on EP #82
[Sat May 30 10:43:41 2026] xhci_hcd 0000:00:14.0: xHCI host not responding to stop endpoint command
[Sat May 30 10:43:41 2026] xhci_hcd 0000:00:14.0: xHCI host controller not responding, assume dead
[Sat May 30 10:43:41 2026] xhci_hcd 0000:00:14.0: HC died; cleaning up
[Sat May 30 10:43:41 2026] usb 2-1: Not enough bandwidth for altsetting 0
[Sat May 30 10:43:41 2026] usb 2-1: 3:0: usb_set_interface failed (-19)
[Sat May 30 10:43:41 2026] uvcvideo 2-1:1.1: Failed to set UVC commit control : -110 (exp. 26).
[Sat May 30 11:07:16 2026] xhci_hcd 0000:00:14.0: remove, state 1
[Sat May 30 11:07:16 2026] xhci_hcd 0000:00:14.0: USB bus 2 deregistered
[Sat May 30 11:07:16 2026] xhci_hcd 0000:00:14.0: remove, state 1
[Sat May 30 11:07:16 2026] xhci_hcd 0000:00:14.0: USB bus 1 deregistered
[Sat May 30 11:07:18 2026] xhci_hcd 0000:00:14.0: xHCI Host Controller
[Sat May 30 11:07:18 2026] xhci_hcd 0000:00:14.0: new USB bus registered, assigned bus number 1
[Sat May 30 11:07:18 2026] xhci_hcd 0000:00:14.0: hcc params 0x200077c1 hci version 0x110 quirks 0x0000000000009810
[Sat May 30 11:07:18 2026] xhci_hcd 0000:00:14.0: xHCI Host Controller
[Sat May 30 11:07:18 2026] xhci_hcd 0000:00:14.0: new USB bus registered, assigned bus number 2
[Sat May 30 11:07:18 2026] xhci_hcd 0000:00:14.0: Host supports USB 3.1 Enhanced SuperSpeed
[Sat May 30 11:07:18 2026] usb 2-1: Product: Razer Kiyo Pro
[Sat May 30 11:07:18 2026] usb 2-1: Manufacturer: Razer Inc
[Sat May 30 11:07:19 2026] usb 2-1: Found UVC 1.00 device Razer Kiyo Pro (1532:0e05)
[Sat May 30 11:26:52 2026] usbcore: deregistering interface driver uvcvideo
[Sat May 30 11:26:52 2026] usbcore: registered new interface driver uvcvideo
[Sat May 30 11:28:17 2026] usb 2-1: Found UVC 1.00 device Razer Kiyo Pro (1532:0e05)
