=== USB Watchdog Crash Dump ===
Timestamp: Wed May 13 11:37:11 AM PDT 2026

=== Last 50 lines of dmesg ===
dmesg: read kernel buffer failed: Operation not permitted

=== USB devices ===
Bus 001 Device 001: ID 1d6b:0002 Linux Foundation 2.0 root hub
Bus 001 Device 005: ID 2109:2817 VIA Labs, Inc. USB2.0 Hub             
Bus 001 Device 006: ID 1a86:7523 QinHeng Electronics CH340 serial converter
Bus 001 Device 008: ID 05e3:0610 Genesys Logic, Inc. Hub
Bus 001 Device 010: ID 1a40:0201 Terminus Technology Inc. FE 2.1 7-port Hub
Bus 001 Device 011: ID 1b3f:2008 Generalplus Technology Inc. USB Audio Device
Bus 001 Device 013: ID 04e8:6860 Samsung Electronics Co., Ltd Galaxy series, misc. (MTP mode)
Bus 001 Device 014: ID 0b20:0db0 TransDimension, Inc. MSI GK20 Gaming Keyboard
Bus 001 Device 015: ID 05e3:0751 Genesys Logic, Inc. microSD Card Reader
Bus 001 Device 016: ID 1462:b926 Micro Star International MYSTIC LIGHT 
Bus 001 Device 017: ID 04d9:a01c Holtek Semiconductor, Inc. wireless multimedia keyboard with trackball [Trust ADURA 17911]
Bus 001 Device 018: ID 8087:0029 Intel Corp. AX200 Bluetooth
Bus 001 Device 019: ID 0db0:0d08 Micro Star International MSI GM08 OpticalMouse
Bus 002 Device 001: ID 1d6b:0003 Linux Foundation 3.0 root hub
Bus 003 Device 001: ID 1d6b:0002 Linux Foundation 2.0 root hub
Bus 004 Device 001: ID 1d6b:0003 Linux Foundation 3.0 root hub

=== HID devices in sysfs ===

=== Expected device check ===
  Logitech receiver (046d:c548): MISSING
  Dygma keyboard (1209:2201): MISSING
